[backblue.gif]
[fade.gif]
[index.html]
[rawgit.com/dbkaplun/jsonresume-theme-timeline-fixed/master/build/css/index.css]
[rawgit.com/dbkaplun/jsonresume-theme-timeline-fixed/master/bower_components/fontawesome/css/font-awesome.min.css]
[localhost_4000/index.html]
[cdnjs.cloudflare.com/ajax/libs/require.js/2.1.14/require.min.js]
[raw.githubusercontent.com/dbkaplun/jsonresume-theme-timeline-fixed/master/build/img/bg.png]
[raw.githubusercontent.com/dbkaplun/jsonresume-theme-timeline-fixed/master/build/img/list-style.png]
[raw.githubusercontent.com/dbkaplun/jsonresume-theme-timeline-fixed/master/build/img/list-style-on.png]
[raw.githubusercontent.com/dbkaplun/jsonresume-theme-timeline-fixed/master/build/img/ls.png]
[raw.githubusercontent.com/dbkaplun/jsonresume-theme-timeline-fixed/master/build/img/list-style-nav.png]
[raw.githubusercontent.com/dbkaplun/jsonresume-theme-timeline-fixed/master/build/img/list-style-nav-on.png]
[rawgit.com/dbkaplun/jsonresume-theme-timeline-fixed/master/build/css/index.css]
[rawgit.com/dbkaplun/jsonresume-theme-timeline-fixed/master/bower_components/fontawesome/css/font-awesome.min.css]
[localhost_4000/index-2.html]
